// license:BSD-3-Clause
// copyright-holders:Aaron Giles
/*******************************************************************************

    tiny.lst

    List of all enabled drivers for compile target. This is not an automatically
    generated file, and it should be manually updated when a new driver is added.

*******************************************************************************/

@source:sgi/indy_indigo2.cpp
indy_4610
indy_4613
indy_5015
indigo2_4415

@source:sgi/ip6.cpp
pi4d20
pi4d25

@source:sgi/ip12.cpp
pi4d30
pi4d35
indigo

@source:sgi/ip20.cpp
indigo_r4000
indigo_r4400